✅ seed-one-time-menu publishes the final Basic Diet dynamic menu
✅ subscription builderCatalog is derived from shared menu options and products
❌ Dashboard menu generates immutable catalog keys and exposes ui metadata
AssertionError [ERR_ASSERTION]: Expected values to be strictly equal:
+ actual - expected

+ 'standard'
- 'addon_collection'
    at /home/hema/Projects/basicdiet145/tests/oneTimeMenuCatalog.test.js:843:14
    at process.processTicksAndRejections (node:internal/process/task_queues:95:5)
    at async test (/home/hema/Projects/basicdiet145/tests/oneTimeMenuCatalog.test.js:44:5)
    at async run (/home/hema/Projects/basicdiet145/tests/oneTimeMenuCatalog.test.js:685:5)
✅ GET /api/orders/menu exposes published pickup-only catalog without delivery
✅ Dashboard availableFor filters one-time products and options without changing public shape
✅ POST /api/orders/quote prices fixed item, option extra, and extra weight
✅ POST /api/orders/quote prices per_100g item in halala
✅ POST /api/orders/quote validates maxSelections and option-product relation
✅ POST /api/orders/quote validates minSelections
✅ POST /api/orders rejects delivery and subscription fields
{"backFinalUrl":"https://basicdiet145.onrender.com/payment-cancel","backOriginalScheme":"none","backRedirectAccepted":false,"level":"info","message":"One-time order payment redirect URLs normalized","orderId":"6a152434b92b20a16e7edce5","paymentId":"6a152434b92b20a16e7edce7","successFinalUrl":"https://basicdiet145.onrender.com/payment-success","successOriginalScheme":"none","successRedirectAccepted":false,"timestamp":"2026-05-26T04:40:20.270Z"}
✅ POST /api/orders stores immutable product and option snapshot
{"backFinalUrl":"https://basicdiet145.onrender.com/payment-cancel","backOriginalScheme":"none","backRedirectAccepted":false,"level":"info","message":"One-time order payment redirect URLs normalized","orderId":"6a152434b92b20a16e7edd01","paymentId":"6a152434b92b20a16e7edd03","successFinalUrl":"https://basicdiet145.onrender.com/payment-success","successOriginalScheme":"none","successRedirectAccepted":false,"timestamp":"2026-05-26T04:40:20.344Z"}
✅ POST /api/orders creates dynamic catalog item orders without itemType enum regression
{"backFinalUrl":"https://api.example.test/payment-cancel","backOriginalScheme":"basicdiet","backRedirectAccepted":false,"level":"info","message":"One-time order payment redirect URLs normalized","orderId":"6a152434b92b20a16e7edd1c","paymentId":"6a152434b92b20a16e7edd1e","successFinalUrl":"https://api.example.test/payment-success","successOriginalScheme":"basicdiet","successRedirectAccepted":false,"timestamp":"2026-05-26T04:40:20.391Z"}
✅ POST /api/orders normalizes Flutter deep link redirects for Moyasar
✅ Dashboard can edit relation selection rules and customer menu reflects them
✅ Dashboard hide/unhide option filters menu and quote rejects stale hidden option
✅ Dashboard relation availability is product-specific and stale quotes are rejected
✅ Product-specific option price updates are isolated by product, group, and option
{"errorMessage":"Product is unavailable","errorName":"Error","isProviderError":false,"level":"error","message":"PAYMENT_INIT_ERROR [createOrder]","orderId":"(not created)","paymentId":"(not created)","timestamp":"2026-05-26T04:40:20.721Z"}
✅ Dashboard product availability filters menu and quote/create reject stale product
✅ Hidden relation group updates canAddDirectly/requiresBuilder and rejects stale builder selections
✅ Dashboard menu requires admin role

1 one-time menu catalog test(s) failed
